cells: 40   nu values: [0.15, 0.3, 0.45]   grid: 32^3

  gyroid network rho=0.25 f=111      E11 0.04612 0.04529 0.04554   spread   1.8%
  gyroid network rho=0.25 f=113      E11 0.06689 0.06622 0.06734   spread   1.7%
  gyroid network rho=0.35 f=111      E11 0.09373 0.09296 0.09412   spread   1.3%
  gyroid network rho=0.35 f=113      E11 0.12884 0.12796 0.12994   spread   1.6%
  gyroid sheet rho=0.25 f=111        E11 0.09093 0.08747 0.08627   spread   5.3%
  gyroid sheet rho=0.25 f=113        E11 0.11293 0.11140 0.11589   spread   4.0%
  gyroid sheet rho=0.35 f=111        E11 0.14641 0.14207 0.14103   spread   3.8%
  gyroid sheet rho=0.35 f=113        E11 0.19647 0.19325 0.19699   spread   1.9%
  diamond network rho=0.25 f=111     E11 0.04803 0.04619 0.04530   spread   5.9%
  diamond network rho=0.25 f=113     E11 0.09058 0.08752 0.08663   spread   4.5%
  diamond network rho=0.35 f=111     E11 0.09296 0.08877 0.08617   spread   7.6%
  diamond network rho=0.35 f=113     E11 0.17119 0.16566 0.16353   spread   4.6%
  diamond sheet rho=0.25 f=111       E11 0.11149 0.10615 0.10291   spread   8.1%
  diamond sheet rho=0.25 f=113       E11 0.13762 0.13661 0.14370   spread   5.2%
  diamond sheet rho=0.35 f=111       E11 0.17350 0.16698 0.16399   spread   5.7%
  diamond sheet rho=0.35 f=113       E11 0.23413 0.23128 0.23639   spread   2.2%
  schwarz_p network rho=0.25 f=111   E11 0.06937 0.07209 0.07622   spread   9.5%
  schwarz_p network rho=0.25 f=113   E11 0.07611 0.07781 0.08126   spread   6.6%
  schwarz_p network rho=0.35 f=111   E11 0.16130 0.16677 0.17422   spread   7.7%
  schwarz_p network rho=0.35 f=113   E11 0.17755 0.18096 0.18658   spread   5.0%
  schwarz_p sheet rho=0.25 f=111     E11 0.05999 0.06034 0.06290   spread   4.8%
  schwarz_p sheet rho=0.25 f=113     E11 0.10819 0.10879 0.11342   spread   4.8%
  schwarz_p sheet rho=0.35 f=111     E11 0.11194 0.11281 0.11758   spread   5.0%
  schwarz_p sheet rho=0.35 f=113     E11 0.18212 0.18268 0.18776   spread   3.1%
  iwp network rho=0.25 f=111         E11 0.10537 0.10756 0.11151   spread   5.7%
  iwp network rho=0.25 f=113         E11 0.11040 0.11192 0.11575   spread   4.8%
  iwp network rho=0.35 f=111         E11 0.17533 0.17761 0.18151   spread   3.5%
  iwp network rho=0.35 f=113         E11 0.18829 0.18991 0.19383   spread   2.9%
  iwp sheet rho=0.25 f=111           E11 0.09429 0.09718 0.10528   spread  11.3%
  iwp sheet rho=0.25 f=113           E11 0.10581 0.10729 0.11420   spread   7.8%
  iwp sheet rho=0.35 f=111           E11 0.16442 0.16881 0.17910   spread   8.7%
  iwp sheet rho=0.35 f=113           E11 0.20282 0.20518 0.21469   spread   5.8%
  frd network rho=0.25 f=111         E11 0.02200 0.02175 0.02272   spread   4.5%
  frd network rho=0.25 f=113         E11 0.05026 0.04965 0.05231   spread   5.4%
  frd network rho=0.35 f=111         E11 0.08912 0.08848 0.09057   spread   2.4%
  frd network rho=0.35 f=113         E11 0.15732 0.15700 0.16183   spread   3.1%
  frd sheet rho=0.25 f=111           E11 0.11544 0.11497 0.11914   spread   3.6%
  frd sheet rho=0.25 f=113           E11 0.11024 0.11054 0.11759   spread   6.6%
  frd sheet rho=0.35 f=111           E11 0.19319 0.19096 0.19426   spread   1.7%
  frd sheet rho=0.35 f=113           E11 0.21454 0.21530 0.22523   spread   5.0%

cells solved: 40
  E11 drift over nu 0.15-0.45 : median 4.8%  worst 11.3%
  E22 drift over nu 0.15-0.45 : median 4.8%  worst 11.3%
  E33 drift over nu 0.15-0.45 : median 7.1%  worst 32.3%

  nu=0.15  E11 ranking vs nu=0.30 : max rank shift 30
  nu=0.30  E11 ranking vs nu=0.30 : max rank shift 0
  nu=0.45  E11 ranking vs nu=0.30 : max rank shift 25
  E33/E11 drift            : median 1.53%  worst 26.61%

RESULT: ranking CHANGES (max shift 30). The nu=0.3 assumption affects which cell is returned, not just its value.
