cells: 16   nu values: [0.29, 0.3, 0.34]   grid: 24^3

  gyroid network rho=0.30 f=111      E11 0.06445 0.06443 0.06439   spread   0.1%
  gyroid network rho=0.30 f=113      E11 0.08976 0.08973 0.08971   spread   0.1%
  gyroid sheet rho=0.30 f=111        E11 0.10967 0.10947 0.10880   spread   0.8%
  gyroid sheet rho=0.30 f=113        E11 0.10570 0.10586 0.10675   spread   1.0%
  diamond network rho=0.30 f=111     E11 0.06653 0.06637 0.06579   spread   1.1%
  diamond network rho=0.30 f=113     E11 0.12768 0.12751 0.12697   spread   0.6%
  diamond sheet rho=0.30 f=111       E11 0.13962 0.13932 0.13822   spread   1.0%
  diamond sheet rho=0.30 f=113       E11 0.10121 0.10138 0.10234   spread   1.1%
  schwarz_p network rho=0.30 f=111   E11 0.11979 0.12011 0.12149   spread   1.4%
  schwarz_p network rho=0.30 f=113   E11 0.13715 0.13736 0.13830   spread   0.8%
  schwarz_p sheet rho=0.30 f=111     E11 0.08452 0.08463 0.08517   spread   0.8%
  schwarz_p sheet rho=0.30 f=113     E11 0.14889 0.14898 0.14951   spread   0.4%
  iwp network rho=0.30 f=111         E11 0.14388 0.14405 0.14477   spread   0.6%
  iwp network rho=0.30 f=113         E11 0.15792 0.15800 0.15840   spread   0.3%
  iwp sheet rho=0.30 f=111           E11 0.12716 0.12751 0.12914   spread   1.6%
  iwp sheet rho=0.30 f=113           E11 0.15189 0.15212 0.15329   spread   0.9%

cells solved: 16
  E11 drift over nu 0.29-0.34 : median 0.8%  worst 1.6%
  E22 drift over nu 0.29-0.34 : median 0.8%  worst 1.6%
  E33 drift over nu 0.29-0.34 : median 1.1%  worst 3.9%

  nu=0.29  E11 ranking vs nu=0.30 : max rank shift 0
  nu=0.30  E11 ranking vs nu=0.30 : max rank shift 0
  nu=0.34  E11 ranking vs nu=0.30 : max rank shift 9
  E33/E11 drift            : median 0.20%  worst 3.51%

  nu=0.29  our pick is 0.000% below the true best E11
  nu=0.30  our pick is 0.000% below the true best E11
  nu=0.34  our pick is 0.000% below the true best E11
  top-3 overlap with the nu=0.30 ranking: 3, 3, 3 of 3

RESULT
  max rank shift            : 9 of 16 cells
  worst regret on the pick  : 0.000%
  Reordering happens among near-ties and costs the user under 1%%. The nu=0.30 assumption changes the label on the answer, not the quality of the answer.
